['male', 'age', 'education', 'currentSmoker', 'cigsPerDay', 'BPMeds', 'prevalentStroke', 'prevalentHyp', 'diabetes', 'totChol', 'sysBP', 'diaBP', 'BMI', 'heartRate', 'glucose', 'TenYearCHD']
############# Data summary #############
x_train has shape: torch.Size([780, 9])
y_train has shape: torch.Size([780, 1])
x_test has shape: torch.Size([334, 9])
y_test has shape: torch.Size([334, 1])
#######################################
Loss at epoch 1: 0.8504331707954407
Loss at epoch 2: 0.6863385438919067
Loss at epoch 3: 0.6358115077018738
Loss at epoch 4: 0.6193529367446899
Loss at epoch 5: 0.6124349236488342
Accuracy on plain test_set: 0.703592836856842
Encryption of the test-set took 0 seconds
Evaluated test_set of 334 entries in 1 seconds
Accuracy: 213/334 = 0.6377245508982036
Difference between plain and encrypted accuracies: 0.06586825847625732
Encryption of the training_set took 14 seconds
Distribution on plain data:
Distribution on encrypted data:
Accuracy at epoch #0 is 0.523952066898346
Accuracy at epoch #1 is 0.682634711265564
Accuracy at epoch #2 is 0.6766467094421387
Accuracy at epoch #3 is 0.7095808386802673
Accuracy at epoch #4 is 0.6796407103538513
Accuracy at epoch #5 is 0.71257483959198

Average time per epoch: 162 seconds
Final accuracy is 0.71257483959198
Difference between plain and encrypted accuracies: -0.00898200273513794
Oh! We got a better accuracy when training on encrypted data! The noise was on our side...
Final encrypted accuracy: 0.71257483959198
Difference from plain accuracy: -0.00898200273513794
